Watching for file changes with StatReloader
[04/Mar/2024 17:29:47] "GET /admin/ HTTP/1.1" 200 6212
[04/Mar/2024 17:29:49] "GET /admin/ HTTP/1.1" 200 6212
[04/Mar/2024 17:29:52] "GET /admin/ HTTP/1.1" 200 6212
[04/Mar/2024 17:29:53] "GET /admin/ HTTP/1.1" 200 6212
[04/Mar/2024 17:29:53] "GET /admin/ HTTP/1.1" 200 6212
[04/Mar/2024 17:29:53] "GET /admin/ HTTP/1.1" 200 6212
[04/Mar/2024 17:29:57] "GET /admin/ HTTP/1.1" 200 6212
[04/Mar/2024 17:29:57] "GET /admin/ HTTP/1.1" 200 6212
[04/Mar/2024 17:29:58] "GET /admin/ HTTP/1.1" 200 6212
[04/Mar/2024 17:29:58] "GET /static/admin/css/base.css HTTP/1.1" 200 21544
[04/Mar/2024 17:29:58] "GET /static/admin/css/dark_mode.css HTTP/1.1" 200 2682
[04/Mar/2024 17:29:58] "GET /static/admin/css/dashboard.css HTTP/1.1" 200 441
[04/Mar/2024 17:29:58] "GET /static/admin/css/nav_sidebar.css HTTP/1.1" 200 2810
[04/Mar/2024 17:29:58] "GET /static/admin/js/nav_sidebar.js HTTP/1.1" 200 3063
[04/Mar/2024 17:29:58] "GET /static/admin/js/theme.js HTTP/1.1" 200 1943
[04/Mar/2024 17:29:58] "GET /static/admin/css/responsive.css HTTP/1.1" 200 17905
[04/Mar/2024 17:29:58] "GET /admin/ HTTP/1.1" 200 6212
[04/Mar/2024 17:29:58] "GET /static/admin/img/icon-addlink.svg HTTP/1.1" 200 331
[04/Mar/2024 17:29:58] "GET /static/admin/img/icon-changelink.svg HTTP/1.1" 200 380
Not Found: /favicon.ico
[04/Mar/2024 17:29:58] "GET /favicon.ico HTTP/1.1" 404 6094
Not Found: /
[04/Mar/2024 17:30:20] "GET / HTTP/1.1" 404 6043
Not Found: /favicon.ico
[04/Mar/2024 17:30:21] "GET /favicon.ico HTTP/1.1" 404 6094
[04/Mar/2024 17:30:59] "GET /administrator HTTP/1.1" 301 0
[04/Mar/2024 17:30:59] "GET /administrator/ HTTP/1.1" 302 0
[04/Mar/2024 17:30:59] "GET /login?next=/administrator/ HTTP/1.1" 301 0
[04/Mar/2024 17:31:00] "GET /login/?next=/administrator/ HTTP/1.1" 200 2484
[04/Mar/2024 17:31:14] "GET /admin/ HTTP/1.1" 200 6212
[04/Mar/2024 17:31:21] "GET /admin/ HTTP/1.1" 200 6212
[04/Mar/2024 17:32:30] "GET /admin/ HTTP/1.1" 200 6212
[04/Mar/2024 17:32:31] "GET /admin/ HTTP/1.1" 200 6212
[04/Mar/2024 17:32:32] "GET /admin/ HTTP/1.1" 200 6212
[04/Mar/2024 17:32:32] "GET /static/admin/css/base.css HTTP/1.1" 200 21544
[04/Mar/2024 17:32:32] "GET /static/admin/css/dark_mode.css HTTP/1.1" 200 2682
[04/Mar/2024 17:32:32] "GET /static/admin/css/nav_sidebar.css HTTP/1.1" 200 2810
[04/Mar/2024 17:32:32] "GET /static/admin/css/dashboard.css HTTP/1.1" 200 441
[04/Mar/2024 17:32:32] "GET /static/admin/js/theme.js HTTP/1.1" 200 1943
[04/Mar/2024 17:32:32] "GET /static/admin/css/responsive.css HTTP/1.1" 200 17905
[04/Mar/2024 17:32:32] "GET /static/admin/js/nav_sidebar.js HTTP/1.1" 200 3063
[04/Mar/2024 17:32:32] "GET /static/admin/img/icon-addlink.svg HTTP/1.1" 200 331
[04/Mar/2024 17:32:32] "GET /static/admin/img/icon-changelink.svg HTTP/1.1" 200 380
Not Found: /favicon.ico
[04/Mar/2024 17:32:32] "GET /favicon.ico HTTP/1.1" 404 6094
Traceback (most recent call last):
  File "/home/nandan/running/laundry/manage.py", line 11, in main
    from django.core.management import execute_from_command_line
ModuleNotFoundError: No module named 'django'

The above exception was the direct cause of the following exception:

Traceback (most recent call last):
  File "/home/nandan/running/laundry/manage.py", line 22, in <module>
    main()
  File "/home/nandan/running/laundry/manage.py", line 13, in main
    raise ImportError(
ImportError: Couldn't import Django. Are you sure it's installed and available on your PYTHONPATH environment variable? Did you forget to activate a virtual environment?
Traceback (most recent call last):
  File "/home/nandan/running/laundry/manage.py", line 11, in main
    from django.core.management import execute_from_command_line
ModuleNotFoundError: No module named 'django'

The above exception was the direct cause of the following exception:

Traceback (most recent call last):
  File "/home/nandan/running/laundry/manage.py", line 22, in <module>
    main()
  File "/home/nandan/running/laundry/manage.py", line 13, in main
    raise ImportError(
ImportError: Couldn't import Django. Are you sure it's installed and available on your PYTHONPATH environment variable? Did you forget to activate a virtual environment?
Watching for file changes with StatReloader
[04/Mar/2024 17:33:52] "GET /admin/ HTTP/1.1" 200 6212
Not Found: /
[04/Mar/2024 17:37:17] "GET / HTTP/1.1" 404 6043
Not Found: /favicon.ico
[04/Mar/2024 17:37:19] "GET /favicon.ico HTTP/1.1" 404 6094
[04/Mar/2024 17:37:25] "POST /login/?next=/administrator/ HTTP/1.1" 302 0
[04/Mar/2024 17:37:25] "GET /halaman_user/ HTTP/1.1" 200 4114
[04/Mar/2024 17:37:26] "GET /admin HTTP/1.1" 301 0
[04/Mar/2024 17:37:26] "GET /admin/ HTTP/1.1" 302 0
[04/Mar/2024 17:37:26] "GET /admin/login/?next=/admin/ HTTP/1.1" 200 4160
[04/Mar/2024 17:37:26] "GET /static/css/styles.css HTTP/1.1" 404 1807
[04/Mar/2024 17:37:26] "GET /static/images/logo.png HTTP/1.1" 200 113599
[04/Mar/2024 17:37:31] "GET /login HTTP/1.1" 301 0
Forbidden: /login/
[04/Mar/2024 17:37:32] "GET /login/ HTTP/1.1" 403 53
[04/Mar/2024 17:37:38] "POST /admin/login/?next=/admin/ HTTP/1.1" 302 0
[04/Mar/2024 17:37:38] "GET /admin/ HTTP/1.1" 200 6212
Forbidden: /login/
[04/Mar/2024 17:37:40] "GET /login/?next=/administrator/ HTTP/1.1" 403 53
Not Found: /
[04/Mar/2024 17:37:44] "GET / HTTP/1.1" 404 6043
Forbidden: /login/
[04/Mar/2024 17:37:51] "GET /login/ HTTP/1.1" 403 53
[04/Mar/2024 17:38:43] "GET /logout HTTP/1.1" 301 0
[04/Mar/2024 17:38:43] "GET /logout/ HTTP/1.1" 302 0
[04/Mar/2024 17:38:44] "GET /halaman_user/ HTTP/1.1" 200 4114
[04/Mar/2024 17:38:46] "GET /login/ HTTP/1.1" 200 2484
[04/Mar/2024 17:39:20] "POST /login/ HTTP/1.1" 302 0
[04/Mar/2024 17:39:20] "GET /halaman_user/ HTTP/1.1" 200 4114
[04/Mar/2024 17:39:51] "GET /admin HTTP/1.1" 301 0
[04/Mar/2024 17:39:51] "GET /admin/ HTTP/1.1" 200 6212
[04/Mar/2024 17:39:51] "GET /static/admin/css/dark_mode.css HTTP/1.1" 200 2682
[04/Mar/2024 17:39:51] "GET /static/admin/css/responsive.css HTTP/1.1" 200 17905
[04/Mar/2024 17:39:51] "GET /static/admin/css/base.css HTTP/1.1" 200 21544
[04/Mar/2024 17:39:51] "GET /static/admin/js/theme.js HTTP/1.1" 200 1943
[04/Mar/2024 17:39:51] "GET /static/admin/css/nav_sidebar.css HTTP/1.1" 200 2810
[04/Mar/2024 17:39:51] "GET /static/admin/js/nav_sidebar.js HTTP/1.1" 200 3063
[04/Mar/2024 17:39:51] "GET /static/admin/css/dashboard.css HTTP/1.1" 200 441
[04/Mar/2024 17:39:52] "GET /static/admin/img/icon-addlink.svg HTTP/1.1" 200 331
[04/Mar/2024 17:39:52] "GET /static/admin/img/icon-changelink.svg HTTP/1.1" 200 380
[04/Mar/2024 17:40:29] "GET /admin/myapp/transaksi/ HTTP/1.1" 200 7477
[04/Mar/2024 17:40:29] "GET /static/admin/js/urlify.js HTTP/1.1" 200 7887
[04/Mar/2024 17:40:29] "GET /admin/jsi18n/ HTTP/1.1" 200 7814
[04/Mar/2024 17:40:29] "GET /static/admin/js/core.js HTTP/1.1" 200 6208
[04/Mar/2024 17:40:29] "GET /static/admin/css/changelists.css HTTP/1.1" 200 6811
[04/Mar/2024 17:40:29] "GET /static/admin/js/jquery.init.js HTTP/1.1" 200 347
[04/Mar/2024 17:40:29] "GET /static/admin/js/admin/RelatedObjectLookups.js HTTP/1.1" 200 9042
[04/Mar/2024 17:40:29] "GET /static/admin/js/vendor/xregexp/xregexp.js HTTP/1.1" 200 325171
[04/Mar/2024 17:40:29] "GET /static/admin/js/prepopulate.js HTTP/1.1" 200 1531
[04/Mar/2024 17:40:29] "GET /static/admin/js/actions.js HTTP/1.1" 200 8067
[04/Mar/2024 17:40:30] "GET /static/admin/js/vendor/jquery/jquery.js HTTP/1.1" 200 285314
[04/Mar/2024 17:40:30] "GET /static/admin/js/filters.js HTTP/1.1" 200 978
[04/Mar/2024 17:40:31] "GET /static/admin/img/tooltag-add.svg HTTP/1.1" 200 331
[04/Mar/2024 17:40:35] "GET /admin/ HTTP/1.1" 200 6212
[04/Mar/2024 17:40:37] "GET /admin/myapp/customuser/ HTTP/1.1" 200 8951
[04/Mar/2024 17:40:37] "GET /admin/jsi18n/ HTTP/1.1" 200 7814
[04/Mar/2024 17:40:42] "GET /admin/myapp/customuser/1/change/ HTTP/1.1" 200 13433
[04/Mar/2024 17:40:42] "GET /admin/jsi18n/ HTTP/1.1" 200 7814
[04/Mar/2024 17:40:42] "GET /static/admin/css/forms.css HTTP/1.1" 200 9090
[04/Mar/2024 17:40:42] "GET /static/admin/js/prepopulate_init.js HTTP/1.1" 200 586
[04/Mar/2024 17:40:42] "GET /static/admin/css/widgets.css HTTP/1.1" 200 11800
[04/Mar/2024 17:40:42] "GET /static/admin/js/change_form.js HTTP/1.1" 200 606
Internal Server Error: /admin/myapp/customuser/1/change/
Traceback (most recent call last):
  File "/home/nandan/running/laundry/env/lib/python3.10/site-packages/django/core/handlers/exception.py", line 55, in inner
    response = get_response(request)
  File "/home/nandan/running/laundry/env/lib/python3.10/site-packages/django/core/handlers/base.py", line 197, in _get_response
    response = wrapped_callback(request, *callback_args, **callback_kwargs)
  File "/home/nandan/running/laundry/env/lib/python3.10/site-packages/django/contrib/admin/options.py", line 715, in wrapper
    return self.admin_site.admin_view(view)(*args, **kwargs)
  File "/home/nandan/running/laundry/env/lib/python3.10/site-packages/django/utils/decorators.py", line 188, in _view_wrapper
    result = _process_exception(request, e)
  File "/home/nandan/running/laundry/env/lib/python3.10/site-packages/django/utils/decorators.py", line 186, in _view_wrapper
    response = view_func(request, *args, **kwargs)
  File "/home/nandan/running/laundry/env/lib/python3.10/site-packages/django/views/decorators/cache.py", line 80, in _view_wrapper
    response = view_func(request, *args, **kwargs)
  File "/home/nandan/running/laundry/env/lib/python3.10/site-packages/django/contrib/admin/sites.py", line 240, in inner
    return view(request, *args, **kwargs)
  File "/home/nandan/running/laundry/env/lib/python3.10/site-packages/django/contrib/admin/options.py", line 1947, in change_view
    return self.changeform_view(request, object_id, form_url, extra_context)
  File "/home/nandan/running/laundry/env/lib/python3.10/site-packages/django/utils/decorators.py", line 48, in _wrapper
    return bound_method(*args, **kwargs)
  File "/home/nandan/running/laundry/env/lib/python3.10/site-packages/django/utils/decorators.py", line 188, in _view_wrapper
    result = _process_exception(request, e)
  File "/home/nandan/running/laundry/env/lib/python3.10/site-packages/django/utils/decorators.py", line 186, in _view_wrapper
    response = view_func(request, *args, **kwargs)
  File "/home/nandan/running/laundry/env/lib/python3.10/site-packages/django/contrib/admin/options.py", line 1803, in changeform_view
    return self._changeform_view(request, object_id, form_url, extra_context)
  File "/home/nandan/running/laundry/env/lib/python3.10/site-packages/django/contrib/admin/options.py", line 1913, in _changeform_view
    "subtitle": str(obj) if obj else None,
TypeError: __str__ returned non-string (type NoneType)
[04/Mar/2024 17:40:53] "POST /admin/myapp/customuser/1/change/ HTTP/1.1" 500 119838
[04/Mar/2024 17:40:59] "GET /admin/myapp/customuser/1/change/ HTTP/1.1" 200 13433
[04/Mar/2024 17:41:03] "GET /admin/myapp/customuser/ HTTP/1.1" 200 8951
[04/Mar/2024 17:41:06] "GET /admin/myapp/customuser/add/ HTTP/1.1" 200 13216
[04/Mar/2024 17:41:06] "GET /admin/jsi18n/ HTTP/1.1" 200 7814
[04/Mar/2024 17:41:57] "POST /admin/myapp/customuser/add/ HTTP/1.1" 302 0
[04/Mar/2024 17:41:57] "GET /admin/myapp/customuser/ HTTP/1.1" 200 9458
[04/Mar/2024 17:41:57] "GET /admin/jsi18n/ HTTP/1.1" 200 7814
[04/Mar/2024 17:41:58] "GET /static/admin/img/icon-yes.svg HTTP/1.1" 200 436
[04/Mar/2024 17:42:24] "GET /admin/myapp/customuser/add/ HTTP/1.1" 200 13216
[04/Mar/2024 17:42:24] "GET /admin/jsi18n/ HTTP/1.1" 200 7814
[04/Mar/2024 17:42:56] "POST /admin/myapp/customuser/add/ HTTP/1.1" 200 13446
[04/Mar/2024 17:42:57] "GET /admin/jsi18n/ HTTP/1.1" 200 7814
[04/Mar/2024 17:43:39] "POST /admin/myapp/customuser/add/ HTTP/1.1" 302 0
[04/Mar/2024 17:43:39] "GET /admin/myapp/customuser/ HTTP/1.1" 200 9772
[04/Mar/2024 17:43:39] "GET /admin/jsi18n/ HTTP/1.1" 200 7814
[04/Mar/2024 17:43:42] "GET /admin/myapp/customuser/add/ HTTP/1.1" 200 13216
[04/Mar/2024 17:43:42] "GET /admin/jsi18n/ HTTP/1.1" 200 7814
[04/Mar/2024 17:44:05] "POST /admin/myapp/customuser/add/ HTTP/1.1" 302 0
[04/Mar/2024 17:44:05] "GET /admin/myapp/customuser/ HTTP/1.1" 200 10071
[04/Mar/2024 17:44:05] "GET /admin/jsi18n/ HTTP/1.1" 200 7814
[04/Mar/2024 17:44:10] "GET /admin/myapp/customuser/4/change/ HTTP/1.1" 200 13421
[04/Mar/2024 17:44:11] "GET /admin/jsi18n/ HTTP/1.1" 200 7814
Internal Server Error: /admin/myapp/customuser/4/change/
Traceback (most recent call last):
  File "/home/nandan/running/laundry/env/lib/python3.10/site-packages/django/core/handlers/exception.py", line 55, in inner
    response = get_response(request)
  File "/home/nandan/running/laundry/env/lib/python3.10/site-packages/django/core/handlers/base.py", line 197, in _get_response
    response = wrapped_callback(request, *callback_args, **callback_kwargs)
  File "/home/nandan/running/laundry/env/lib/python3.10/site-packages/django/contrib/admin/options.py", line 715, in wrapper
    return self.admin_site.admin_view(view)(*args, **kwargs)
  File "/home/nandan/running/laundry/env/lib/python3.10/site-packages/django/utils/decorators.py", line 188, in _view_wrapper
    result = _process_exception(request, e)
  File "/home/nandan/running/laundry/env/lib/python3.10/site-packages/django/utils/decorators.py", line 186, in _view_wrapper
    response = view_func(request, *args, **kwargs)
  File "/home/nandan/running/laundry/env/lib/python3.10/site-packages/django/views/decorators/cache.py", line 80, in _view_wrapper
    response = view_func(request, *args, **kwargs)
  File "/home/nandan/running/laundry/env/lib/python3.10/site-packages/django/contrib/admin/sites.py", line 240, in inner
    return view(request, *args, **kwargs)
  File "/home/nandan/running/laundry/env/lib/python3.10/site-packages/django/contrib/admin/options.py", line 1947, in change_view
    return self.changeform_view(request, object_id, form_url, extra_context)
  File "/home/nandan/running/laundry/env/lib/python3.10/site-packages/django/utils/decorators.py", line 48, in _wrapper
    return bound_method(*args, **kwargs)
  File "/home/nandan/running/laundry/env/lib/python3.10/site-packages/django/utils/decorators.py", line 188, in _view_wrapper
    result = _process_exception(request, e)
  File "/home/nandan/running/laundry/env/lib/python3.10/site-packages/django/utils/decorators.py", line 186, in _view_wrapper
    response = view_func(request, *args, **kwargs)
  File "/home/nandan/running/laundry/env/lib/python3.10/site-packages/django/contrib/admin/options.py", line 1803, in changeform_view
    return self._changeform_view(request, object_id, form_url, extra_context)
  File "/home/nandan/running/laundry/env/lib/python3.10/site-packages/django/contrib/admin/options.py", line 1913, in _changeform_view
    "subtitle": str(obj) if obj else None,
TypeError: __str__ returned non-string (type NoneType)
[04/Mar/2024 17:44:24] "POST /admin/myapp/customuser/4/change/ HTTP/1.1" 500 119847
[04/Mar/2024 17:44:35] "GET /admin/myapp/customuser/4/change/ HTTP/1.1" 200 13421
Internal Server Error: /admin/myapp/customuser/4/change/
Traceback (most recent call last):
  File "/home/nandan/running/laundry/env/lib/python3.10/site-packages/django/core/handlers/exception.py", line 55, in inner
    response = get_response(request)
  File "/home/nandan/running/laundry/env/lib/python3.10/site-packages/django/core/handlers/base.py", line 197, in _get_response
    response = wrapped_callback(request, *callback_args, **callback_kwargs)
  File "/home/nandan/running/laundry/env/lib/python3.10/site-packages/django/contrib/admin/options.py", line 715, in wrapper
    return self.admin_site.admin_view(view)(*args, **kwargs)
  File "/home/nandan/running/laundry/env/lib/python3.10/site-packages/django/utils/decorators.py", line 188, in _view_wrapper
    result = _process_exception(request, e)
  File "/home/nandan/running/laundry/env/lib/python3.10/site-packages/django/utils/decorators.py", line 186, in _view_wrapper
    response = view_func(request, *args, **kwargs)
  File "/home/nandan/running/laundry/env/lib/python3.10/site-packages/django/views/decorators/cache.py", line 80, in _view_wrapper
    response = view_func(request, *args, **kwargs)
  File "/home/nandan/running/laundry/env/lib/python3.10/site-packages/django/contrib/admin/sites.py", line 240, in inner
    return view(request, *args, **kwargs)
  File "/home/nandan/running/laundry/env/lib/python3.10/site-packages/django/contrib/admin/options.py", line 1947, in change_view
    return self.changeform_view(request, object_id, form_url, extra_context)
  File "/home/nandan/running/laundry/env/lib/python3.10/site-packages/django/utils/decorators.py", line 48, in _wrapper
    return bound_method(*args, **kwargs)
  File "/home/nandan/running/laundry/env/lib/python3.10/site-packages/django/utils/decorators.py", line 188, in _view_wrapper
    result = _process_exception(request, e)
  File "/home/nandan/running/laundry/env/lib/python3.10/site-packages/django/utils/decorators.py", line 186, in _view_wrapper
    response = view_func(request, *args, **kwargs)
  File "/home/nandan/running/laundry/env/lib/python3.10/site-packages/django/contrib/admin/options.py", line 1803, in changeform_view
    return self._changeform_view(request, object_id, form_url, extra_context)
  File "/home/nandan/running/laundry/env/lib/python3.10/site-packages/django/contrib/admin/options.py", line 1913, in _changeform_view
    "subtitle": str(obj) if obj else None,
TypeError: __str__ returned non-string (type NoneType)
[04/Mar/2024 17:44:45] "POST /admin/myapp/customuser/4/change/ HTTP/1.1" 500 119847
[04/Mar/2024 17:45:07] "GET /admin/myapp/customuser/4/change/ HTTP/1.1" 200 13421
[04/Mar/2024 17:45:10] "POST /admin/logout/ HTTP/1.1" 200 3568
[04/Mar/2024 17:45:20] "GET /login/ HTTP/1.1" 200 2484
[04/Mar/2024 17:45:36] "POST /login/ HTTP/1.1" 200 2484
[04/Mar/2024 17:45:52] "POST /login/ HTTP/1.1" 200 2484
[04/Mar/2024 17:46:04] "POST /login/ HTTP/1.1" 302 0
[04/Mar/2024 17:46:04] "GET /administrator/ HTTP/1.1" 200 8590
[04/Mar/2024 17:46:13] "GET /data_konsumen HTTP/1.1" 301 0
[04/Mar/2024 17:46:13] "GET /data_konsumen/ HTTP/1.1" 200 5838
[04/Mar/2024 17:46:15] "GET /data_petugas HTTP/1.1" 301 0
[04/Mar/2024 17:46:15] "GET /data_petugas/ HTTP/1.1" 200 6145
[04/Mar/2024 17:46:17] "GET /jenis_layanan HTTP/1.1" 301 0
[04/Mar/2024 17:46:17] "GET /jenis_layanan/ HTTP/1.1" 200 5752
[04/Mar/2024 17:46:18] "GET /transaksi_order HTTP/1.1" 301 0
[04/Mar/2024 17:46:18] "GET /transaksi_order/ HTTP/1.1" 200 6108
[04/Mar/2024 17:46:23] "GET /laporan HTTP/1.1" 301 0
[04/Mar/2024 17:46:23] "GET /laporan/ HTTP/1.1" 200 6080
[04/Mar/2024 17:46:25] "GET /logout/ HTTP/1.1" 302 0
[04/Mar/2024 17:46:25] "GET /halaman_user/ HTTP/1.1" 200 4114
[04/Mar/2024 17:46:36] "GET /login/ HTTP/1.1" 200 2484
[04/Mar/2024 17:46:48] "POST /login/ HTTP/1.1" 302 0
[04/Mar/2024 17:46:48] "GET /petugas/ HTTP/1.1" 200 5530
[04/Mar/2024 17:46:50] "GET /petugas_transaksi_order HTTP/1.1" 301 0
[04/Mar/2024 17:46:50] "GET /petugas_transaksi_order/ HTTP/1.1" 200 6458
[04/Mar/2024 17:46:56] "GET /petugas_data_konsumen HTTP/1.1" 301 0
[04/Mar/2024 17:46:56] "GET /petugas_data_konsumen/ HTTP/1.1" 200 5221
[04/Mar/2024 17:46:59] "GET /petugas_transaksi_order/ HTTP/1.1" 200 6458
[04/Mar/2024 17:47:00] "GET /petugas_history HTTP/1.1" 301 0
[04/Mar/2024 17:47:00] "GET /petugas_history/ HTTP/1.1" 200 5306
[04/Mar/2024 17:47:02] "GET /petugas HTTP/1.1" 301 0
[04/Mar/2024 17:47:02] "GET /petugas/ HTTP/1.1" 200 5530
[04/Mar/2024 17:47:04] "GET /petugas_data_konsumen/ HTTP/1.1" 200 5221
[04/Mar/2024 17:47:07] "GET /logout/ HTTP/1.1" 302 0
[04/Mar/2024 17:47:07] "GET /halaman_user/ HTTP/1.1" 200 4114
[04/Mar/2024 17:47:09] "GET /login/ HTTP/1.1" 200 2484
Forbidden: /petugas_history/
[04/Mar/2024 17:47:20] "GET /petugas_history/ HTTP/1.1" 403 53
Forbidden: /petugas_history/
[04/Mar/2024 17:47:23] "GET /petugas_history/ HTTP/1.1" 403 53
Forbidden: /petugas_history/
[04/Mar/2024 17:47:26] "GET /petugas_history/ HTTP/1.1" 403 53
Forbidden: /petugas_transaksi_order/
[04/Mar/2024 17:47:29] "GET /petugas_transaksi_order/ HTTP/1.1" 403 53
[04/Mar/2024 17:47:33] "GET /petugas/ HTTP/1.1" 302 0
[04/Mar/2024 17:47:33] "GET /login?next=/petugas/ HTTP/1.1" 301 0
[04/Mar/2024 17:47:33] "GET /login/?next=/petugas/ HTTP/1.1" 200 2484
Forbidden: /petugas_data_konsumen/
[04/Mar/2024 17:47:36] "GET /petugas_data_konsumen/ HTTP/1.1" 403 53
Forbidden: /petugas_transaksi_order/
[04/Mar/2024 17:47:42] "GET /petugas_transaksi_order/ HTTP/1.1" 403 53
[04/Mar/2024 17:47:45] "GET /logout/ HTTP/1.1" 302 0
[04/Mar/2024 17:47:45] "GET /login?next=/logout/ HTTP/1.1" 301 0
[04/Mar/2024 17:47:45] "GET /login/?next=/logout/ HTTP/1.1" 200 2484
[04/Mar/2024 17:47:58] "POST /login/?next=/logout/ HTTP/1.1" 302 0
[04/Mar/2024 17:47:58] "GET /petugas/ HTTP/1.1" 200 5530
[04/Mar/2024 17:48:01] "GET /petugas_transaksi_order/ HTTP/1.1" 200 6458
[04/Mar/2024 17:48:08] "GET /petugas_transaksi_order/?tanggal=2024-03-07 HTTP/1.1" 200 6458
[04/Mar/2024 17:48:11] "GET /petugas_transaksi_order/ HTTP/1.1" 200 6458
[04/Mar/2024 17:48:14] "GET /petugas_transaksi_order/?tanggal=2024-03-01 HTTP/1.1" 200 6458
[04/Mar/2024 17:48:19] "GET /logout/ HTTP/1.1" 302 0
[04/Mar/2024 17:48:19] "GET /halaman_user/ HTTP/1.1" 200 4114
[04/Mar/2024 17:48:21] "GET /login/ HTTP/1.1" 200 2484
[04/Mar/2024 17:48:33] "POST /login/ HTTP/1.1" 302 0
[04/Mar/2024 17:48:33] "GET /administrator/ HTTP/1.1" 200 8590
[04/Mar/2024 17:48:36] "GET /transaksi_order/ HTTP/1.1" 200 6108
[04/Mar/2024 17:48:40] "GET /jenis_layanan/ HTTP/1.1" 200 5752
[04/Mar/2024 17:48:42] "GET /data_petugas/ HTTP/1.1" 200 6145
[04/Mar/2024 17:48:43] "GET /data_konsumen/ HTTP/1.1" 200 5838
[04/Mar/2024 17:48:44] "GET /data_konsumen/ HTTP/1.1" 200 5838
[04/Mar/2024 17:48:44] "GET /data_petugas/ HTTP/1.1" 200 6145
[04/Mar/2024 17:48:46] "GET /jenis_layanan/ HTTP/1.1" 200 5752
[04/Mar/2024 17:48:47] "GET /tambah_transaksi/ HTTP/1.1" 200 3899
[04/Mar/2024 17:49:28] "POST /tambah_transaksi/ HTTP/1.1" 302 0
[04/Mar/2024 17:49:28] "GET /struk/1 HTTP/1.1" 200 2471
[04/Mar/2024 17:49:33] "GET /transaksi_order/ HTTP/1.1" 200 6726
[04/Mar/2024 17:50:13] "GET /struk/1 HTTP/1.1" 200 2471
[04/Mar/2024 17:50:21] "GET /transaksi_order/ HTTP/1.1" 200 6726
[04/Mar/2024 17:50:28] "GET /history HTTP/1.1" 301 0
[04/Mar/2024 17:50:28] "GET /history/ HTTP/1.1" 200 6616
[04/Mar/2024 17:50:33] "GET /laporan/ HTTP/1.1" 200 6608
[04/Mar/2024 17:50:35] "GET /export/xls HTTP/1.1" 200 5632
[04/Mar/2024 17:53:31] "GET /logout/ HTTP/1.1" 302 0
[04/Mar/2024 17:53:31] "GET /halaman_user/ HTTP/1.1" 200 4114
[04/Mar/2024 17:53:33] "GET /login/ HTTP/1.1" 200 2484
[04/Mar/2024 17:53:50] "POST /login/ HTTP/1.1" 302 0
[04/Mar/2024 17:53:50] "GET /petugas/ HTTP/1.1" 200 5530
[04/Mar/2024 17:53:52] "GET /petugas_transaksi_order/ HTTP/1.1" 200 7084
[04/Mar/2024 17:53:59] "GET /petugas_transaksi_order/?tanggal=2024-02-29 HTTP/1.1" 200 6458
[04/Mar/2024 17:54:02] "GET /petugas_transaksi_order/ HTTP/1.1" 200 7084
[04/Mar/2024 17:54:13] "GET /petugas_transaksi_order/?tanggal=2024-03-04 HTTP/1.1" 200 7084
[04/Mar/2024 17:54:35] "GET /petugas_history/ HTTP/1.1" 200 5836
[04/Mar/2024 17:54:36] "GET /petugas_data_konsumen/ HTTP/1.1" 200 9254
[04/Mar/2024 17:54:41] "GET /petugas_ubah_transaksi/ubah/1? HTTP/1.1" 200 3074
[04/Mar/2024 17:54:47] "GET /petugas/ HTTP/1.1" 200 5530
[04/Mar/2024 20:12:03] "GET /login HTTP/1.1" 301 0
Forbidden: /login/
[04/Mar/2024 20:12:03] "GET /login/ HTTP/1.1" 403 53
[04/Mar/2024 20:12:09] "GET /admin/ HTTP/1.1" 200 7286
[04/Mar/2024 20:12:11] "GET /admin/myapp/customuser/ HTTP/1.1" 200 9872
[04/Mar/2024 20:12:11] "GET /static/admin/css/changelists.css HTTP/1.1" 200 6811
[04/Mar/2024 20:12:11] "GET /admin/jsi18n/ HTTP/1.1" 200 7814
[04/Mar/2024 20:12:11] "GET /static/admin/js/actions.js HTTP/1.1" 200 8067
[04/Mar/2024 20:12:11] "GET /static/admin/js/admin/RelatedObjectLookups.js HTTP/1.1" 200 9042
[04/Mar/2024 20:12:11] "GET /static/admin/js/jquery.init.js HTTP/1.1" 200 347
[04/Mar/2024 20:12:11] "GET /static/admin/js/urlify.js HTTP/1.1" 200 7887
[04/Mar/2024 20:12:11] "GET /static/admin/js/core.js HTTP/1.1" 200 6208
[04/Mar/2024 20:12:11] "GET /static/admin/js/prepopulate.js HTTP/1.1" 200 1531
[04/Mar/2024 20:12:11] "GET /static/admin/js/vendor/xregexp/xregexp.js HTTP/1.1" 200 325171
[04/Mar/2024 20:12:11] "GET /static/admin/js/vendor/jquery/jquery.js HTTP/1.1" 200 285314
[04/Mar/2024 20:12:12] "GET /static/admin/js/filters.js HTTP/1.1" 200 978
[04/Mar/2024 20:12:12] "GET /static/admin/img/tooltag-add.svg HTTP/1.1" 200 331
[04/Mar/2024 20:12:14] "GET /admin/myapp/customuser/3/change/ HTTP/1.1" 200 13443
[04/Mar/2024 20:12:14] "GET /static/admin/css/forms.css HTTP/1.1" 200 9090
[04/Mar/2024 20:12:14] "GET /static/admin/js/prepopulate_init.js HTTP/1.1" 200 586
[04/Mar/2024 20:12:14] "GET /admin/jsi18n/ HTTP/1.1" 200 7814
[04/Mar/2024 20:12:14] "GET /static/admin/css/widgets.css HTTP/1.1" 200 11800
[04/Mar/2024 20:12:15] "GET /static/admin/js/change_form.js HTTP/1.1" 200 606
Internal Server Error: /admin/myapp/customuser/3/change/
Traceback (most recent call last):
  File "/home/nandan/running/laundry/env/lib/python3.10/site-packages/django/core/handlers/exception.py", line 55, in inner
    response = get_response(request)
  File "/home/nandan/running/laundry/env/lib/python3.10/site-packages/django/core/handlers/base.py", line 197, in _get_response
    response = wrapped_callback(request, *callback_args, **callback_kwargs)
  File "/home/nandan/running/laundry/env/lib/python3.10/site-packages/django/contrib/admin/options.py", line 715, in wrapper
    return self.admin_site.admin_view(view)(*args, **kwargs)
  File "/home/nandan/running/laundry/env/lib/python3.10/site-packages/django/utils/decorators.py", line 188, in _view_wrapper
    result = _process_exception(request, e)
  File "/home/nandan/running/laundry/env/lib/python3.10/site-packages/django/utils/decorators.py", line 186, in _view_wrapper
    response = view_func(request, *args, **kwargs)
  File "/home/nandan/running/laundry/env/lib/python3.10/site-packages/django/views/decorators/cache.py", line 80, in _view_wrapper
    response = view_func(request, *args, **kwargs)
  File "/home/nandan/running/laundry/env/lib/python3.10/site-packages/django/contrib/admin/sites.py", line 240, in inner
    return view(request, *args, **kwargs)
  File "/home/nandan/running/laundry/env/lib/python3.10/site-packages/django/contrib/admin/options.py", line 1947, in change_view
    return self.changeform_view(request, object_id, form_url, extra_context)
  File "/home/nandan/running/laundry/env/lib/python3.10/site-packages/django/utils/decorators.py", line 48, in _wrapper
    return bound_method(*args, **kwargs)
  File "/home/nandan/running/laundry/env/lib/python3.10/site-packages/django/utils/decorators.py", line 188, in _view_wrapper
    result = _process_exception(request, e)
  File "/home/nandan/running/laundry/env/lib/python3.10/site-packages/django/utils/decorators.py", line 186, in _view_wrapper
    response = view_func(request, *args, **kwargs)
  File "/home/nandan/running/laundry/env/lib/python3.10/site-packages/django/contrib/admin/options.py", line 1803, in changeform_view
    return self._changeform_view(request, object_id, form_url, extra_context)
  File "/home/nandan/running/laundry/env/lib/python3.10/site-packages/django/contrib/admin/options.py", line 1913, in _changeform_view
    "subtitle": str(obj) if obj else None,
TypeError: __str__ returned non-string (type NoneType)
[04/Mar/2024 20:12:21] "POST /admin/myapp/customuser/3/change/ HTTP/1.1" 500 119848
[04/Mar/2024 20:12:51] "GET /admin/myapp/customuser/3/change/ HTTP/1.1" 200 13443
Internal Server Error: /admin/myapp/customuser/3/change/
Traceback (most recent call last):
  File "/home/nandan/running/laundry/env/lib/python3.10/site-packages/django/core/handlers/exception.py", line 55, in inner
    response = get_response(request)
  File "/home/nandan/running/laundry/env/lib/python3.10/site-packages/django/core/handlers/base.py", line 197, in _get_response
    response = wrapped_callback(request, *callback_args, **callback_kwargs)
  File "/home/nandan/running/laundry/env/lib/python3.10/site-packages/django/contrib/admin/options.py", line 715, in wrapper
    return self.admin_site.admin_view(view)(*args, **kwargs)
  File "/home/nandan/running/laundry/env/lib/python3.10/site-packages/django/utils/decorators.py", line 188, in _view_wrapper
    result = _process_exception(request, e)
  File "/home/nandan/running/laundry/env/lib/python3.10/site-packages/django/utils/decorators.py", line 186, in _view_wrapper
    response = view_func(request, *args, **kwargs)
  File "/home/nandan/running/laundry/env/lib/python3.10/site-packages/django/views/decorators/cache.py", line 80, in _view_wrapper
    response = view_func(request, *args, **kwargs)
  File "/home/nandan/running/laundry/env/lib/python3.10/site-packages/django/contrib/admin/sites.py", line 240, in inner
    return view(request, *args, **kwargs)
  File "/home/nandan/running/laundry/env/lib/python3.10/site-packages/django/contrib/admin/options.py", line 1947, in change_view
    return self.changeform_view(request, object_id, form_url, extra_context)
  File "/home/nandan/running/laundry/env/lib/python3.10/site-packages/django/utils/decorators.py", line 48, in _wrapper
    return bound_method(*args, **kwargs)
  File "/home/nandan/running/laundry/env/lib/python3.10/site-packages/django/utils/decorators.py", line 188, in _view_wrapper
    result = _process_exception(request, e)
  File "/home/nandan/running/laundry/env/lib/python3.10/site-packages/django/utils/decorators.py", line 186, in _view_wrapper
    response = view_func(request, *args, **kwargs)
  File "/home/nandan/running/laundry/env/lib/python3.10/site-packages/django/contrib/admin/options.py", line 1803, in changeform_view
    return self._changeform_view(request, object_id, form_url, extra_context)
  File "/home/nandan/running/laundry/env/lib/python3.10/site-packages/django/contrib/admin/options.py", line 1913, in _changeform_view
    "subtitle": str(obj) if obj else None,
TypeError: __str__ returned non-string (type NoneType)
[04/Mar/2024 20:13:15] "POST /admin/myapp/customuser/3/change/ HTTP/1.1" 500 119848
[04/Mar/2024 20:13:30] "GET /admin/myapp/customuser/3/change/ HTTP/1.1" 200 13443
Internal Server Error: /admin/myapp/customuser/3/change/
Traceback (most recent call last):
  File "/home/nandan/running/laundry/env/lib/python3.10/site-packages/django/core/handlers/exception.py", line 55, in inner
    response = get_response(request)
  File "/home/nandan/running/laundry/env/lib/python3.10/site-packages/django/core/handlers/base.py", line 197, in _get_response
    response = wrapped_callback(request, *callback_args, **callback_kwargs)
  File "/home/nandan/running/laundry/env/lib/python3.10/site-packages/django/contrib/admin/options.py", line 715, in wrapper
    return self.admin_site.admin_view(view)(*args, **kwargs)
  File "/home/nandan/running/laundry/env/lib/python3.10/site-packages/django/utils/decorators.py", line 188, in _view_wrapper
    result = _process_exception(request, e)
  File "/home/nandan/running/laundry/env/lib/python3.10/site-packages/django/utils/decorators.py", line 186, in _view_wrapper
    response = view_func(request, *args, **kwargs)
  File "/home/nandan/running/laundry/env/lib/python3.10/site-packages/django/views/decorators/cache.py", line 80, in _view_wrapper
    response = view_func(request, *args, **kwargs)
  File "/home/nandan/running/laundry/env/lib/python3.10/site-packages/django/contrib/admin/sites.py", line 240, in inner
    return view(request, *args, **kwargs)
  File "/home/nandan/running/laundry/env/lib/python3.10/site-packages/django/contrib/admin/options.py", line 1947, in change_view
    return self.changeform_view(request, object_id, form_url, extra_context)
  File "/home/nandan/running/laundry/env/lib/python3.10/site-packages/django/utils/decorators.py", line 48, in _wrapper
    return bound_method(*args, **kwargs)
  File "/home/nandan/running/laundry/env/lib/python3.10/site-packages/django/utils/decorators.py", line 188, in _view_wrapper
    result = _process_exception(request, e)
  File "/home/nandan/running/laundry/env/lib/python3.10/site-packages/django/utils/decorators.py", line 186, in _view_wrapper
    response = view_func(request, *args, **kwargs)
  File "/home/nandan/running/laundry/env/lib/python3.10/site-packages/django/contrib/admin/options.py", line 1803, in changeform_view
    return self._changeform_view(request, object_id, form_url, extra_context)
  File "/home/nandan/running/laundry/env/lib/python3.10/site-packages/django/contrib/admin/options.py", line 1913, in _changeform_view
    "subtitle": str(obj) if obj else None,
TypeError: __str__ returned non-string (type NoneType)
[04/Mar/2024 20:14:04] "POST /admin/myapp/customuser/3/change/ HTTP/1.1" 500 119848
/home/nandan/running/laundry/myapp/models.py changed, reloading.
['https://laundry.straile.blue']
Performing system checks...

System check identified no issues (0 silenced).
March 04, 2024 - 17:33:49
Django version 5.0.2, using settings 'ujikompetensi.settings'
Starting development server at http://127.0.0.1:8000/
Quit the server with CONTROL-C.

Watching for file changes with StatReloader
Forbidden: /login/
[04/Mar/2024 20:16:59] "GET /login/ HTTP/1.1" 403 53
[04/Mar/2024 20:17:05] "GET /admin/ HTTP/1.1" 200 7286
[04/Mar/2024 20:17:06] "GET /admin/myapp/customuser/ HTTP/1.1" 200 9872
[04/Mar/2024 20:17:07] "GET /admin/jsi18n/ HTTP/1.1" 200 7814
[04/Mar/2024 20:17:07] "GET /static/admin/js/urlify.js HTTP/1.1" 200 7887
[04/Mar/2024 20:17:07] "GET /static/admin/js/vendor/xregexp/xregexp.js HTTP/1.1" 200 325171
[04/Mar/2024 20:17:07] "GET /static/admin/js/vendor/jquery/jquery.js HTTP/1.1" 200 285314
[04/Mar/2024 20:17:07] "GET /static/admin/js/jquery.init.js HTTP/1.1" 200 347
[04/Mar/2024 20:17:07] "GET /static/admin/js/actions.js HTTP/1.1" 200 8067
[04/Mar/2024 20:17:07] "GET /static/admin/js/prepopulate.js HTTP/1.1" 200 1531
[04/Mar/2024 20:17:07] "GET /static/admin/js/core.js HTTP/1.1" 200 6208
[04/Mar/2024 20:17:07] "GET /static/admin/js/admin/RelatedObjectLookups.js HTTP/1.1" 200 9042
[04/Mar/2024 20:17:07] "GET /static/admin/css/changelists.css HTTP/1.1" 200 6811
[04/Mar/2024 20:17:07] "GET /static/admin/js/filters.js HTTP/1.1" 200 978
[04/Mar/2024 20:17:07] "GET /static/admin/img/tooltag-add.svg HTTP/1.1" 200 331
[04/Mar/2024 20:17:09] "GET /admin/myapp/customuser/3/change/ HTTP/1.1" 200 13443
[04/Mar/2024 20:17:09] "GET /admin/jsi18n/ HTTP/1.1" 200 7814
[04/Mar/2024 20:17:09] "GET /static/admin/css/forms.css HTTP/1.1" 200 9090
[04/Mar/2024 20:17:09] "GET /static/admin/js/prepopulate_init.js HTTP/1.1" 200 586
[04/Mar/2024 20:17:09] "GET /static/admin/css/widgets.css HTTP/1.1" 200 11800
[04/Mar/2024 20:17:10] "GET /static/admin/js/change_form.js HTTP/1.1" 200 606
Internal Server Error: /admin/myapp/customuser/3/change/
Traceback (most recent call last):
  File "/home/nandan/running/laundry/env/lib/python3.10/site-packages/django/core/handlers/exception.py", line 55, in inner
    response = get_response(request)
  File "/home/nandan/running/laundry/env/lib/python3.10/site-packages/django/core/handlers/base.py", line 197, in _get_response
    response = wrapped_callback(request, *callback_args, **callback_kwargs)
  File "/home/nandan/running/laundry/env/lib/python3.10/site-packages/django/contrib/admin/options.py", line 715, in wrapper
    return self.admin_site.admin_view(view)(*args, **kwargs)
  File "/home/nandan/running/laundry/env/lib/python3.10/site-packages/django/utils/decorators.py", line 188, in _view_wrapper
    result = _process_exception(request, e)
  File "/home/nandan/running/laundry/env/lib/python3.10/site-packages/django/utils/decorators.py", line 186, in _view_wrapper
    response = view_func(request, *args, **kwargs)
  File "/home/nandan/running/laundry/env/lib/python3.10/site-packages/django/views/decorators/cache.py", line 80, in _view_wrapper
    response = view_func(request, *args, **kwargs)
  File "/home/nandan/running/laundry/env/lib/python3.10/site-packages/django/contrib/admin/sites.py", line 240, in inner
    return view(request, *args, **kwargs)
  File "/home/nandan/running/laundry/env/lib/python3.10/site-packages/django/contrib/admin/options.py", line 1947, in change_view
    return self.changeform_view(request, object_id, form_url, extra_context)
  File "/home/nandan/running/laundry/env/lib/python3.10/site-packages/django/utils/decorators.py", line 48, in _wrapper
    return bound_method(*args, **kwargs)
  File "/home/nandan/running/laundry/env/lib/python3.10/site-packages/django/utils/decorators.py", line 188, in _view_wrapper
    result = _process_exception(request, e)
  File "/home/nandan/running/laundry/env/lib/python3.10/site-packages/django/utils/decorators.py", line 186, in _view_wrapper
    response = view_func(request, *args, **kwargs)
  File "/home/nandan/running/laundry/env/lib/python3.10/site-packages/django/contrib/admin/options.py", line 1803, in changeform_view
    return self._changeform_view(request, object_id, form_url, extra_context)
  File "/home/nandan/running/laundry/env/lib/python3.10/site-packages/django/contrib/admin/options.py", line 1913, in _changeform_view
    "subtitle": str(obj) if obj else None,
TypeError: __str__ returned non-string (type NoneType)
[04/Mar/2024 20:17:11] "POST /admin/myapp/customuser/3/change/ HTTP/1.1" 500 119838
